// Jest Snapshot v1, https://goo.gl/fbAQLP

exports[`HeaderBar renders renders 1`] = `
<View
  style={
    Array [
      Object {
        "alignSelf": "stretch",
        "backgroundColor": "#08293A",
        "borderColor": null,
        "borderWidth": 0,
        "elevation": 12,
        "height": 60,
        "justifyContent": "center",
        "paddingBottom": 10,
        "paddingHorizontal": 15,
        "paddingTop": 10,
        "shadowColor": "#212121",
        "shadowOffset": Object {
          "height": 2,
          "width": 0,
        },
        "shadowOpacity": 0.33,
        "shadowRadius": 4,
      },
      Object {
        "backgroundColor": "red",
      },
    ]
  }
>
  <View />
  <View
    style={
      Object {
        "bottom": 0,
        "justifyContent": "center",
        "position": "absolute",
        "right": 15,
        "top": 0,
      }
    }
  >
    <NetworkActivityIndicator />
  </View>
</View>
`;
