// Jest Snapshot v1, https://goo.gl/fbAQLP

exports[`BlankState renders renders 1`] = `
<View
  style={
    Object {
      "alignItems": "center",
      "alignSelf": "center",
      "justifyContent": "center",
      "marginHorizontal": 30,
      "maxWidth": 360,
      "paddingVertical": 100,
    }
  }
>
  <Text
    accessible={true}
    allowFontScaling={false}
    ellipsizeMode="tail"
    style={
      Array [
        Object {
          "color": undefined,
          "fontSize": 12,
        },
        Object {
          "color": "#D17623",
          "fontSize": 64,
          "marginBottom": 10,
        },
        Object {
          "fontFamily": "Material Icons",
          "fontStyle": "normal",
          "fontWeight": "normal",
        },
        Object {},
      ]
    }
  >
    î—Š
  </Text>
  <Text
    accessible={true}
    allowFontScaling={true}
    ellipsizeMode="tail"
    style={
      Object {
        "color": "#212121",
        "fontFamily": "ArchivoBlack-Regular",
        "fontSize": 24,
        "lineHeight": 30,
        "marginBottom": 10,
        "textAlign": "center",
      }
    }
  >
    Test
  </Text>
  <Text
    accessible={true}
    allowFontScaling={true}
    ellipsizeMode="tail"
    style={
      Object {
        "color": "#212121",
        "fontFamily": "Muli-SemiBold",
        "fontSize": 17,
        "textAlign": "center",
      }
    }
  >
    Some more
  </Text>
</View>
`;
