// Jest Snapshot v1, https://goo.gl/fbAQLP

exports[`Label renders renders 1`] = `
<View
  accessible={true}
  isTVSelectable={true}
  onResponderGrant={[Function]}
  onResponderMove={[Function]}
  onResponderRelease={[Function]}
  onResponderTerminate={[Function]}
  onResponderTerminationRequest={[Function]}
  onStartShouldSetResponder={[Function]}
  style={
    Object {
      "backgroundColor": "#D17623",
      "borderColor": null,
      "borderRadius": 5,
      "borderWidth": 0,
      "elevation": 6,
      "opacity": 1,
      "paddingHorizontal": 7.5,
      "paddingVertical": 5,
      "shadowColor": "#212121",
      "shadowOffset": Object {
        "height": 1,
        "width": 0,
      },
      "shadowOpacity": 0.33,
      "shadowRadius": 2,
    }
  }
>
  <Text
    accessible={true}
    allowFontScaling={true}
    ellipsizeMode="tail"
    style={
      Object {
        "color": "#EDE8CA",
        "fontFamily": "Muli-SemiBold",
        "fontSize": 17,
      }
    }
  >
    Test
  </Text>
</View>
`;
