// Jest Snapshot v1, https://goo.gl/fbAQLP

exports[`ModalCard renders renders with minimum required props 1`] = `
<View
  style={
    Object {
      "backgroundColor": "#EDE8CA",
      "borderColor": null,
      "borderRadius": 5,
      "borderWidth": 0,
      "elevation": 12,
      "marginHorizontal": 15,
      "marginVertical": 10,
      "maxWidth": 480,
      "paddingHorizontal": 30,
      "paddingVertical": 20,
      "shadowColor": "#212121",
      "shadowOffset": Object {
        "height": 2,
        "width": 0,
      },
      "shadowOpacity": 0.33,
      "shadowRadius": 4,
    }
  }
/>
`;
